; This file was edited using TECkitMappingEditorU.exe v3.1.0.0 on 1/20/2012.
;   Conversion Type = Legacy_to_from_Unicode
;   Left-hand side font = TimesNRomMË'ph‡‡;11.25
;   Right-hand side font = Charis SIL AmArea;11.25
;   Main Window Position = 0,0,658,712
;   Left-hand side Character Map Window Position = 1015,441,457,446
;   Right-hand side Character Map Window Position = 658,446,457,446


EncodingName            "(SIL)-Me'phaa-(2005)"
DescriptiveName         ""
Version                 "1"
Contact                 "mailto:(tim_sissel@sil.org)"
RegistrationAuthority   "(SIL International)"
RegistrationName        "Me'phaa-(2012)"

;*** Replace "(REG_ID)" with "SIL" or other organization identifier
;*** Replace "(REG_NAME)" with "SIL International" or other organization name
;*** Replace "(VERSION)" with year the encoding was introduced
;*** Replace "(YOUR_ADDRESS_HERE)" with your email address
;*** Replace font name with other encoding identifier if appropriate

;set normalization flags only if you are sure they are appropriate
;SourceFlags		()
;TargetFlags		()

ByteClass [CTL] = (   0x00 .. 0x1f   )
UniClass  [CTL] = ( U+0000 .. U+001f )
[CTL]	<>	[CTL]

0x20	<>	U+0020	; space  --  space
0x21	<>	U+0021	; exclamation_mark  --  exclam = SILID 9016*
0x22	<>	U+0022	; quotation_mark  --  SILID 1442*
0x23	<>	U+0023	; number_sign  --  numbersign = SILID 9062
0x24	<>	U+0024	; dollar_sign  --  dollar = SILID 9043
0x25	<>	U+0025	; percent_sign  --  percent = SILID 9061
0x26	<>	U+0026	; ampersand  --  ampersand = SILID 9039
0x27	<>	U+A78C	; Saltillo  
0x28	<>	U+0028	; left_parenthesis  --  parenleft = SILID 9026*
0x29	<>	U+0029	; right_parenthesis  --  parenright = SILID 9027*
0x2A	<>	U+002A	; asterisk  --  asterisk = SILID 9032
0x2B	<>	U+002B	; plus_sign  --  SILID 0037*
0x2C	<>	U+002C	; comma  --  comma = SILID 9011*
0x2D	<>	U+002D	; hyphen_minus  --  hyphen = SILID 9022*
0x2E	<>	U+002E	; full_stop  --  period = SILID 9010*
0x2F	<>	U+002F	; solidus  --  slash = SILID 9030*
0x30	<>	U+0030	; digit_zero  --  zero = SILID 9000*
0x31	<>	U+0031	; digit_one  --  one = SILID 9001*
0x32	<>	U+0032	; digit_two  --  two = SILID 9002*
0x33	<>	U+0033	; digit_three  --  three = SILID 9003*
0x34	<>	U+0034	; digit_four  --  four = SILID 9004*
0x35	<>	U+0035	; digit_five  --  five = SILID 9005*
0x36	<>	U+0036	; digit_six  --  six = SILID 9006*
0x37	<>	U+0037	; digit_seven  --  seven = SILID 9007*
0x38	<>	U+0038	; digit_eight  --  eight = SILID 9008*
0x39	<>	U+0039	; digit_nine  --  nine = SILID 9009*
0x3A	<>	U+003A	; colon  --  colon = SILID 9013
0x3B	<>	U+003B	; semicolon  --  semicolon = SILID 9012*
0x3C	<>	U+003C	; less_than_sign  --  SILID 9020* (mapped as codepage 1252 character)
0x3D	<>	U+003D	; equals_sign  --  SILID 0042*
0x3E	<>	U+003E	; greater_than_sign  --  SILID 9021* (mapped as codepage 1252 character)
0x3F	<>	U+003F	; question_mark  --  question = SILID 9014*
0x40	<>	U+0040	; commercial_at  --  at = SILID 9040
0x41	<>	U+0041	; latin_capital_letter_a  --  A = SILID 2001*
0x42	<>	U+0042	; latin_capital_letter_b  --  B = SILID 2003*
0x43	<>	U+0043	; latin_capital_letter_c  --  C = SILID 2004*
0x44	<>	U+0044	; latin_capital_letter_d  --  D = SILID 2005*
0x45	<>	U+0045	; latin_capital_letter_e  --  E = SILID 2006*
0x46	<>	U+0046	; latin_capital_letter_f  --  F = SILID 2008
0x47	<>	U+0047	; latin_capital_letter_g  --  G = SILID 2009
0x48	<>	U+0048	; latin_capital_letter_h  --  H = SILID 2010*
0x49	<>	U+0049	; latin_capital_letter_i  --  I = SILID 2011*
0x4A	<>	U+004A	; latin_capital_letter_j  --  J = SILID 2013
0x4B	<>	U+004B	; latin_capital_letter_k  --  K = SILID 2014*
0x4C	<>	U+004C	; latin_capital_letter_l  --  L = SILID 2015*
0x4D	<>	U+004D	; latin_capital_letter_m  --  M = SILID 2017*
0x4E	<>	U+004E	; latin_capital_letter_n  --  N = SILID 2018
0x4F	<>	U+004F	; latin_capital_letter_o  --  O = SILID 2019*
0x50	<>	U+0050	; latin_capital_letter_p  --  P = SILID 2020*
0x51	<>	U+0051	; latin_capital_letter_q  --  Q = SILID 2021
0x52	<>	U+0052	; latin_capital_letter_r  --  R = SILID 2022*
0x53	<>	U+0053	; latin_capital_letter_s  --  S = SILID 2023*
0x54	<>	U+0054	; latin_capital_letter_t  --  T = SILID 2026*
0x55	<>	U+0055	; latin_capital_letter_u  --  U = SILID 2027
0x56	<>	U+0056	; latin_capital_letter_v  --  V = SILID 2029*
0x57	<>	U+0057	; latin_capital_letter_w  --  W = SILID 2030
0x58	<>	U+0058	; latin_capital_letter_x  --  X = SILID 2032*
0x59	<>	U+0059	; latin_capital_letter_y  --  Y = SILID 2033
0x5A	<>	U+005A	; latin_capital_letter_z  --  Z = SILID 2034
0x5B	<>	U+005B	; left_square_bracket  --  bracketleft = SILID 9028
0x5C	<>	U+005C	; reverse_solidus  --  backslash = SILID 9031*
0x5D	<>	U+005D	; right_square_bracket  --  bracketright = SILID 9029
0x5E	<>	U+005E	; circumflex_accent  --  SILID 0076* (mapped as codepage 1252 character)
0x5F	<>	U+005F	; low_line  --  SILID 6622* (mapped as codepage 1252 character)
0x60	<>	U+0060	; grave_accent  --  SILID 6003* (mapped as codepage 1252 character)
0x61	<>	U+0061	; latin_small_letter_a  --  a = SILID 1001*
0x62	<>	U+0062	; latin_small_letter_b  --  b = SILID 1003
0x63	<>	U+0063	; latin_small_letter_c  --  c = SILID 1004*
0x64	<>	U+0064	; latin_small_letter_d  --  d = SILID 1005*
0x65	<>	U+0065	; latin_small_letter_e  --  e = SILID 1006*
0x66	<>	U+0066	; latin_small_letter_f  --  f = SILID 1008
0x67	<>	U+0067	; latin_small_letter_g  --  g = SILID 1009
0x68	<>	U+0068	; latin_small_letter_h  --  h = SILID 1010*
0x69	<>	U+0069	; latin_small_letter_i  --  i = SILID 1011*
0x6A	<>	U+006A	; latin_small_letter_j  --  j = SILID 1013*
0x6B	<>	U+006B	; latin_small_letter_k  --  k = SILID 1014
0x6C	<>	U+006C	; latin_small_letter_l  --  l = SILID 1015*
0x6D	<>	U+006D	; latin_small_letter_m  --  m = SILID 1017*
0x6E	<>	U+006E	; latin_small_letter_n  --  n = SILID 1018
0x6F	<>	U+006F	; latin_small_letter_o  --  o = SILID 1019*
0x70	<>	U+0070	; latin_small_letter_p  --  p = SILID 1020*
0x71	<>	U+0071	; latin_small_letter_q  --  q = SILID 1021
0x72	<>	U+0072	; latin_small_letter_r  --  r = SILID 1022*
0x73	<>	U+0073	; latin_small_letter_s  --  s = SILID 1023*
0x74	<>	U+0074	; latin_small_letter_t  --  t = SILID 1026
0x75	<>	U+0075	; latin_small_letter_u  --  u = SILID 1027
0x76	<>	U+0076	; latin_small_letter_v  --  v = SILID 1029*
0x77	<>	U+0077	; latin_small_letter_w  --  w = SILID 1030*
0x78	<>	U+0078	; latin_small_letter_x  --  x = SILID 1032*
0x79	<>	U+0079	; latin_small_letter_y  --  y = SILID 1033*
0x7A	<>	U+007A	; latin_small_letter_z  --  z = SILID 1034
0x7B	<>	U+007B	; left_curly_bracket  --  braceleft = SILID 9035
0x7C	<>	U+007C	; vertical_line  --  SILID 0103* (mapped as codepage 1252 character)
0x7D	<>	U+007D	; right_curly_bracket  --  braceright = SILID 9036
0x7E	<>	U+007E	; tilde  --  SILID 0051*
;0x7F	<>		;   --  .notdef
;0x80	<>		;   --  .notdef
0x81	<>	U+2009	; thin_space  --  SILID 0131*
0x82	<>	U+2002	; en_space  --  SILID 0130*
0x83	<>	U+01F0	; j_wedge 
0x84	<>	U+201E	; double_low_9_quotation_mark  --  quotedblbase = SILID 9098
0x85	<>	U+2026	; horizontal_ellipsis  --  ellipsis = SILID 9099
0x86	<>	U+0068 U+0303	; h with tilde
0x87	<>	U+0077 U+0303	; w with tilde
0x88	<>	U+1EF9	; y with tilde
0x89	<>	U+2030	; per_mille_sign  --  perthousand = SILID 9059
0x8A	<>	U+0160	; latin_capital_letter_s_with_caron  --  SILID 8023
0x8B	<>	U+2039	; single_left_pointing_angle_quotation_mark  --  guilsinglleft = SILID 9018*
0x8C	<>	U+0152	; latin_capital_ligature_oe  --  OE = SILID 2319
;0x8D	<>		;   --  .notdef
;0x8E	<>		;   --  .notdef
;0x8F	<>		;   --  .notdef
;0x90	<>		;   --  .notdef
0x91	<>	U+2018	; left_single_quotation_mark  --  quoteleft = SILID 9037*
0x92	<>	U+2019	; right_single_quotation_mark  --  quoteright = SILID 9038*
0x93	<>	U+201C	; left_double_quotation_mark  --  quotedblleft = SILID 9066
0x94	<>	U+201D	; right_double_quotation_mark  --  quotedblright = SILID 9067*
0x95	<>	U+2022	; bullet  --  SILID 0003* (mapped as codepage 1252 character)
0x96	<>	U+2013	; en_dash  --  endash = SILID 9023*
0x97	<>	U+2015	; em_dash  --  emdash = SILID 9025*
0x98	<>	U+02DC	; small_tilde  --  SILID 6001*
0x99	<>	U+2122	; trade_mark_sign  --  trademark = SILID 9051
0x9A	<>	U+0161	; latin_small_letter_s_with_caron  --  SILID 7023
0x9B	<>	U+203A	; single_right_pointing_angle_quotation_mark  --  guilsinglright = SILID 9019*
0x9C	<>	U+0153	; latin_small_ligature_oe  --  oe = SILID 1319
;0x9D	<>		;   --  .notdef
;0x9E	<>		;   --  .notdef
0x9F	<>	U+0169 U+0301	; u with tilde and accent
0xA0	<>	U+00A0	; no_break_space  --  nonbreakingspace
0xA1	<>	U+00A1	; inverted_exclamation_mark  --  exclamdown = SILID 9017
0xA2	<>	U+00A2	; cent_sign  --  cent = SILID 9044
0xA3	<>	U+1E7C	; Latin Capital letter V with tilde
0xA4	<>	U+00A4	; currency_sign  --  SILID 0135
0xA5	<>	U+0056 U+0301	; capital letter V with acute accent
0xA6	<>	U+0027	; Apostrophe
0xA7	<>	U+00A7	; section_sign  --  section = SILID 9042
0xA8	<>	U+00A8	; diaeresis  --  SILID 6004
0xA9	<>	U+02DE	; Modifier letter Rhotic Hook
0xAA	<>	U+00AA	; feminine_ordinal_indicator  --  SILID 1901
0xAB	<>	U+00AB	; left_pointing_double_angle_quotation_mark  --  guillemotleft = SILID 9068
0xAC	<>	U+02CD	; modifier letter low macron
0xAD	<>	U+00AD	; soft_hyphen  --  SILID 9024* (mapped as codepage 1252 character)
0xAE	<>	U+032E	; combining breve below
0xAF	<>	U+00AF	; macron  --  SILID 6009*
0xB0	<>	U+00B0	; degree_sign  --  SILID 6017* (mapped as codepage 1252 character)
0xB1	<>	U+00B1	; plus_minus_sign  --  SILID 0038
0xB2	<>	U+00B2	; superscript_two  --  SILID 9802*
0xB3	<>	U+00B3	; superscript_three  --  SILID 9803*
0xB4	<>	U+00B4	; acute_accent  --  SILID 6002* (mapped as codepage 1252 character)
0xB5	<>	U+0056 U+0300	; capital letter V with grave accent
0xB6	<>	U+00B6	; pilcrow_sign  --  paragraph = SILID 9041
0xB7	<>	U+00B7	; middle_dot  --  SILID 0002*
0xB8	<>	U+00B8	; cedilla  --  SILID 6614
0xB9	<>	U+00B9	; superscript_one  --  SILID 9801*
0xBA	<>	U+00BA	; masculine_ordinal_indicator  --  SILID 1919
0xBB	<>	U+00BB	; right_pointing_double_angle_quotation_mark  --  guillemotright = SILID 9069
0xBC	<>	U+02B0	; raised h
0xBD	<>	U+02B7	; raised w
0xBE	<>	U+02B8	; raised y
0xBF	<>	U+00BF	; inverted_question_mark  --  questiondown = SILID 9015
0xC0	<>	U+0041 U+0331	; latin_capital_letter_a with combining underline
0xC1	<>	U+00C1	; latin_capital_letter_a_with_acute  --  Aacute = SILID 3101
0xC2	<>	U+00E3 U+0300	; lower case a with tilde and combining grave accent
0xC3	<>	U+00C3	; latin_capital_letter_a_with_tilde  --  Atilde = SILID 3501
0xC4	<>	U+00E3 U+0301	; lower case a with tilde and combining acute accent
0xC5	<>	U+00C5	; latin_capital_letter_a_with_ring_above  --  Aring = SILID 3601
0xC6	<>	U+00C6	; latin_capital_letter_ae  --  AE = SILID 2501
0xC7	<>	U+A78B	; upper case Saltillo
0xC8	<>	U+0045 U+0331	; latin_capital_letter_ewith combing underline
0xC9	<>	U+00C9	; latin_capital_letter_e_with_acute  --  Eacute = SILID 3106
0xCA	<>	U+1EBD U+0300	; small letter e with tilde and grave accent
0xCB	<>	U+1EBD U+0301	; small letter e with tilde and acute accent
0xCC	<>	U+0049 U+0331	; latin_capital_letter_i with underline
0xCD	<>	U+00CD	; latin_capital_letter_i_with_acute  --  Iacute = SILID 3112
0xCE	<>	U+0129 U+0300	; small letter i with tilde and grave accent
0xCF	<>	U+0129 U+0301	; small letter i with tilde and acute accent
0xD0	<>	U+0110	; latin_capital_letter_d_with_stroke  --  SILID 8005*
0xD1	<>	U+00D1	; latin_capital_letter_n_with_tilde  --  Ntilde = SILID 3518
0xD2	<>	U+004F U+0331	; latin_capital_letter_o with combinging underline
0xD3	<>	U+00D3	; latin_capital_letter_o_with_acute  --  Oacute = SILID 3119
0xD4	<>	U+00F5 U+0300	; small letter o with tilde and grave accent
0xD5	<>	U+00D5	; latin_capital_letter_o_with_tilde  --  Otilde = SILID 3519
0xD6	<>	U+00F5 U+0301	; small letter o with tilde and acute accent
0xD7	<>	U+00D7	; multiplication_sign  --  SILID 0040*
0xD8	<>	U+00D8	; latin_capital_letter_o_with_stroke  --  Oslash = SILID 8219*
0xD9	<>	U+0055 U+0331	; latin_capital_letter_u with combining underline
0xDA	<>	U+00DA	; latin_capital_letter_u_with_acute  --  Uacute = SILID 3127
0xDB	<>	U+0169 U+0300	; small letter u with tilde and grave accent
0xDC	<>	U+00DC	; latin_capital_letter_u_with_diaeresis  --  Udieresis = SILID 3327
0xDD	<>	U+014A	; upper case eng
0xDE	<>	U+00DE	; latin_capital_letter_thorn  --  SILID 2120
; 0xDF	<>	U+0027	; apostrophe  --  SILID 1142*
0xDF	<>	U+A78C	; Saltillo  --  SILID 1142*
0xE0	<>	U+0061 U+0331	; latin_small_letter_a with combining underline
0xE1	<>	U+00E1	; latin_small_letter_a_with_acute  --  aacute = SILID 4101
0xE2	<>	U+00E0	; latin_small_letter_a_with_grave  --  acircumflex = SILID 4401
0xE3	<>	U+00E3	; latin_small_letter_a_with_tilde  --  atilde = SILID 4501
0xE4	<>	U+00E4	; latin_small_letter_a_with_diaeresis  --  adieresis = SILID 4301
0xE5	<>	U+00E5	; latin_small_letter_a_with_ring_above  --  aring = SILID 4601
0xE6	<>	U+00E6	; latin_small_letter_ae  --  ae = SILID 1501*
0xE7	<>	U+A78C	; Saltillo
0xE8	<>	U+0065 U+0331	; latin_small_letter_e with combining undersline
0xE9	<>	U+00E9	; latin_small_letter_e_with_acute  --  eacute = SILID 4106
0xEA	<>	U+00E8	; latin_small_letter_e_with_grave  --  egrave = SILID 4206
0xEB	<>	U+1EBD	; lower case e with tilde
0xEC	<>	U+0069 U+0331	; latin_small_letter_i with combining underline
0xED	<>	U+00ED	; latin_small_letter_i_with_acute  --  iacute = SILID 4112
0xEE	<>	U+00EC	; latin_small_letter_i_with_grave  --  icircumflex = SILID 4412
0xEF	<>	U+0129	; latin_small_letter_i_with_tilde  --  idieresis = SILID 4312
0xF0	<>	U+00F0	; latin_small_letter_eth  --  SILID 8105*
0xF1	<>	U+00F1	; latin_small_letter_n_with_tilde  --  ntilde = SILID 4518
0xF2	<>	U+006F U+0331	; latin_small_letter_o_with_ combining underline
0xF3	<>	U+00F3	; latin_small_letter_o_with_acute  --  oacute = SILID 4119
0xF4	<>	U+00F2	; latin_small_letter_o_with_grave  --  ograve = SILID 4219
0xF5	<>	U+00F5	; latin_small_letter_o_with_tilde  --  otilde = SILID 4519
0xF6	<>	U+00F6	; latin_small_letter_o_with_diaeresis  --  odieresis = SILID 4319
0xF7	<>	U+00F7	; division_sign  --  SILID 0041
0xF8	<>	U+00F8	; latin_small_letter_o_with_stroke  --  oslash = SILID 7219
0xF9	<>	U+0075 U+0331	; latin_small_letter_u_with combining underline
0xFA	<>	U+00FA	; latin_small_letter_u_with_acute  --  uacute = SILID 4127
0xFB	<>	U+00F9	; latin_small_letter_u_with_grave  --  ugrave = SILID 4227
0xFC	<>	U+00FC	; latin_small_letter_u_with_diaeresis  --  udieresis = SILID 4327
0xFD	<>	U+014B	; lower case eng
0xFE	<>	U+010D	; small letter c with wedge
0xFF	<>	U+0169	; latin_small_letter_u with tilde

